Optimus: 203
Prime,: 20
known: 6
in: 170
as: 75
Convoy,: 2
is: 106
a: 193
fictional: 5
character: 10
created: 6
by: 78
the: 614
Transformers: 48
franchise.: 2
He: 30
extraterrestrial: 2
species: 2
of: 260
sentient: 3
robotic: 2
cars: 2
and: 216
other: 26
In: 37
almost: 3
every: 2
version: 8
leader: 18
Autobots,: 9
faction: 3
who: 23
are: 14
Decepticons,: 4
another: 4
his: 99
strong: 3
moral: 2
always: 2
portrayed: 2
Decepticon: 16
Megatron.: 6
history: 2
franchise,: 3
has: 19
been: 16
such: 9
Peter: 5
Cullen,: 3
Garry: 3
Chalk,: 3
Neil: 3
Kaplan,: 3
David: 3
Kaye: 2
an: 27
popular: 2
culture: 2
featured: 7
==: 20
Animated: 6
Prime: 159
Orion: 11
if: 3
not: 11
depicted: 3
having: 4
leadership,: 2
sound: 3
military: 6
powerful: 3
being: 9
to: 196
with: 64
humans,: 2
life: 6
all: 15
As: 7
current: 2
Matrix: 16
Leadership: 6
transforming: 4
intelligence: 2
from: 39
planet: 6
Cybertron.: 8
The: 38
Autobots: 40
waging: 2
civil: 2
war: 11
against: 11
robots: 2
called: 9
Decepticons.: 9
series,: 12
was: 57
for: 53
ancient: 6
race: 2
Primes,: 3
often: 2
receiving: 2
title: 2
"The: 4
Last: 4
Prime": 3
many: 9
which: 17
he: 51
last: 6
Transformers:: 26
it: 19
that: 56
original: 15
Thirteen: 5
It: 7
unique: 3
allowed: 2
Primes: 2
their: 18
battle: 11
Unicron.: 5
When: 12
at: 18
ended: 2
new: 23
be: 25
Well: 2
All: 5
one: 18
them,: 3
might: 2
them: 8
more: 11
memory: 2
past: 2
took: 4
name: 4
way: 3
like: 3
any: 2
robot: 12
on: 49
becoming: 2
once: 4
when: 15
Cybertron: 13
faced: 3
enemy: 2
Megatron: 37
army: 5
This: 7
brings: 2
Great: 3
War: 5
Optimus's: 3
can: 14
seen: 2
most: 8
between: 2
various: 6
===: 32
Generation: 12
1: 9
first: 13
generation: 4
transforms: 8
into: 34
cab: 4
over: 4
semi: 2
truck.: 3
Autobot: 26
or: 9
carried: 2
transforms,: 2
become: 4
trailer: 5
reveal: 2
ion: 3
blaster,: 2
combat: 10
deck: 5
mobile: 2
command: 6
headquarters: 2
weapons: 5
fire: 6
also: 18
Autobots.: 6
included: 2
scout: 3
buggy: 2
meant: 2
Roller: 4
what: 4
felt: 2
each: 3
were: 13
destroyed,: 2
could: 6
However,: 11
they: 9
would: 9
able: 8
survive: 2
without: 2
Optimus.: 2
three: 6
humanoid: 2
(which: 3
truck: 7
ride: 2
components: 2
but: 30
far: 3
fiction,: 2
actually: 4
two: 8
accessories: 2
off: 8
mode.: 4
G1: 3
how: 2
possible: 2
threatened: 2
Aerialbots: 3
had: 17
Shockwave: 6
time: 13
send: 2
back: 5
only: 5
up: 5
changing: 2
revised: 2
began: 3
named: 11
mostly: 2
dock: 2
during: 8
Age: 2
nine: 2
million: 3
years: 3
ago,: 2
Ariel: 4
During: 5
this: 18
time,: 3
flight: 3
appeared: 9
planet,: 3
younger: 2
Megatron,: 12
group: 5
approached: 2
him: 23
about: 4
using: 2
severely: 4
wounded: 2
attacked: 3
claim: 2
energy: 6
help: 4
Autobot,: 2
Alpha: 3
used: 6
With: 3
Pax: 2
became: 6
Decepticons: 20
remain: 4
next: 3
years.: 2
Elita: 3
commander: 2
fate: 2
Robots: 3
Disguise: 2
protagonist: 2
Convoy: 3
branch: 2
universe.: 3
same: 5
again: 5
leads: 4
His: 4
voice: 9
actor,: 2
does: 3
Prime.: 14
Fire: 2
Earth: 11
forced: 4
arrive: 2
attempts: 3
power: 3
Earth's: 2
universe,: 2
incarnation: 6
transform: 2
Unicron: 5
Trilogy: 2
Energon: 3
Cybertron,: 8
Optimus': 2
actor: 3
voiced: 6
Primal: 2
Beast: 5
Wars: 4
appearance: 4
similar: 2
until: 3
himself: 5
design: 7
mode: 6
incarnation,: 2
main: 3
than: 5
team: 2
Earth,: 4
Planet: 3
search: 3
Cyber: 3
changed: 2
realized: 2
play: 3
film: 12
series: 14
online: 2
cartoon: 3
Studios: 2
Hasbro's: 3
fighting: 6
some: 7
helps: 2
Ironhide: 2
appears: 11
2008: 3
red: 5
semi-trailer: 3
truck,: 3
makes: 5
Unlike: 2
ability: 3
change: 2
part: 9
body: 5
wrists.: 2
includes: 2
previous: 3
face: 2
retractable: 3
2007: 6
live-action: 4
film.: 4
video: 10
game: 15
Despite: 2
no: 3
scale: 2
released: 10
animated: 2
originally: 2
Sentinel: 12
One.: 2
her: 4
where: 5
she: 4
Energon.: 2
doesn't: 2
losing: 2
takes: 2
full: 2
caused: 2
out: 13
Ultra: 2
so: 3
Space: 2
Bridge: 2
repair: 2
Ratchet,: 2
cadet: 2
Bumblebee,: 8
fellow: 2
given: 2
vehicle: 7
Omega: 2
among: 6
characters: 8
2010: 4
primarily: 3
Transformers,: 4
directly: 2
Primus: 4
band: 4
warriors: 3
defeat: 5
Upon: 2
united: 2
one.: 3
While: 2
vision: 2
finally: 6
through: 6
after: 8
Zeta: 6
fell: 3
battle,: 5
form: 8
turns: 4
Before: 4
data: 2
under: 2
chosen: 2
Council: 3
"Optimus: 5
Prime",: 3
upon: 2
entrusted: 2
actors: 2
Cullen: 3
series.: 5
Following: 2
film,: 8
role: 4
media: 2
even: 2
later: 11
Comics: 4
Marvel: 3
before: 8
received: 3
Transformer: 3
quickly: 2
made: 5
On: 2
mission: 6
stop: 4
massive: 2
space: 2
its: 3
move: 2
eventually: 4
field: 2
drifting: 2
space,: 4
led: 5
destroy: 6
Although: 4
mission,: 4
Ark: 4
hoping: 2
set: 5
crashing: 2
then: 14
Earth.: 5
killing: 5
Thunderwing,: 3
managed: 2
sacrificed: 2
plunging: 2
Powermaster: 2
process,: 2
however,: 3
Prime's: 8
death: 4
minds: 2
down: 2
now: 3
Bludgeon's: 2
period: 4
later.: 3
At: 8
body.: 3
themselves: 2
worlds.: 2
visions: 2
Cybertron's: 2
discovered: 4
result: 2
Swarm: 2
process.: 3
To: 3
fight: 6
enemy,: 2
recreated: 2
Megatron's: 6
Though: 2
lead: 2
Simon: 3
Furman's: 2
story: 4
available: 2
Transforce,: 2
British: 2
intended: 2
final: 5
conflict: 2
long: 5
events: 4
2: 5
comic: 3
Galvatron: 2
II,: 3
Grimlock: 2
engage: 2
around: 2
save: 2
making: 2
referred: 4
Matrix,: 2
Predacon: 2
including: 4
while: 9
Dreamwave: 3
continuity: 3
After: 11
taking: 3
killed: 6
informed: 3
evacuation: 2
leave: 2
own: 2
Quintessa,: 6
have: 14
Dreamwave's: 4
coming: 2
never: 4
printed: 2
comics,: 2
flashbacks: 2
allied: 2
defeated: 5
turn: 3
They: 2
return: 5
newly: 3
ship: 3
destroyed: 4
take: 4
control: 3
Transformers.: 2
A: 5
several: 7
small: 5
General: 3
use: 4
reactivate: 2
again,: 2
San: 2
leading: 2
both: 3
there: 2
across: 3
cause,: 2
Shockwave,: 2
make: 4
arrived: 2
him.: 11
again.: 2
further: 2
Armada: 2
universe: 2
sent: 2
nearly: 4
dead: 3
IDW: 4
Publishing: 4
Furman: 2
line.: 2
modern: 2
spread: 2
explains: 2
cataclysm: 2
end: 7
Cybertronian: 4
Wreckers,: 2
apocalypse.: 2
Jetfire,: 3
unit: 2
enough: 3
Prowl: 2
Starscream: 6
attempt: 3
engages: 3
and,: 3
rest: 2
buy: 2
Prowl,: 2
Ratchet: 3
Wheeljack: 2
containing: 2
infestation: 2
city: 3
keep: 2
She: 2
games: 2
numerous: 2
since: 3
cameo: 2
Nintendo: 4
campaign,: 2
playable: 8
2003: 2
PlayStation: 3
Hasbro: 6
Battle: 3
versions: 2
game,: 2
character.: 2
2009: 3
Revenge: 3
Fallen.: 2
Bumblebee: 10
Allspark.: 5
Eventually,: 2
Sam: 11
completes: 2
sends: 3
Jazz: 3
rescue: 3
manages: 3
will: 12
informs: 2
confronts: 2
returns: 4
Allspark: 6
free: 2
protect: 3
Allspark,: 3
attacks: 5
defeats: 3
leaves: 2
ground,: 2
seemingly: 2
giving: 3
Optimus,: 4
defeating: 3
ends: 3
home.: 2
near: 3
Mikaela: 3
faces: 3
meets: 3
tells: 2
Create-A-Bot: 4
orders: 5
lets: 2
together: 3
fights: 3
gains: 2
chest,: 4
kills: 6
him,: 3
restored.: 2
destroying: 2
telling: 2
home: 2
sending: 3
message: 4
surviving: 2
along: 2
appear: 2
gives: 2
traitorous: 2
fends: 2
Evac: 2
AllSpark: 3
protecting: 2
AllSpark.: 2
succeeds: 2
receives: 2
trap: 2
himself,: 2
captured: 3
too: 3
well: 4
core: 4
dark: 2
energon: 3
Ironhide,: 2
piece: 2
still: 2
Leadership.: 3
mass: 3
transport: 2
planet.: 2
remaining: 3
stay: 2
game.: 2
figures: 3
toy: 11
toys: 3
Takara's: 2
line: 2
head: 2
upper: 2
torso,: 2
elements: 2
For: 2
line,: 2
maker: 2
Later: 2
2003,: 2
Takara: 3
introduced: 2
Masterpiece: 4
figure: 2
look: 3
Tomy: 2
2010,: 2
painted: 2
match: 2
2011,: 2
Other: 2
merchandise: 2
include: 2
PVCs: 2
Collection: 2
Figure": 2
axe: 2
Mr.: 2
Potato: 2
Head: 2
slogan: 2
"More: 2
films,: 2
Peterbilt: 3
379: 2
Dark: 2
Western: 2
Star: 2
5700: 2
blue: 3
due: 2
form.: 2
windows: 2
featuring: 2
iconic: 2
faceplate: 2
extend: 2
holographic: 2
third: 2
30th: 2
movie: 2
Film: 2
slays: 2
NEST: 2
Grindor,: 2
resurrected: 3
reviving: 2
find: 3
fierce: 2
duel.: 2
initially: 2
organization: 2
Cade: 2
Yeager,: 2
Lockdown,: 2
urging: 2
film's: 2
climax,: 2
convinces: 2
Quintessa: 2
retrieving: 2
staff,: 2
Nemesis: 2
whom: 2
finds: 2
driving: 2
Park: 2
referencing: 2
mentioned: 2
song: 5
Ultimate: 3
gathering: 2
Jewish: 2
Cartoon: 2
reference: 2
Top: 2
Channel: 2
commercials.: 2

8218 prime.txt

