TempleOS: 14
J: 2
Operating: 3
and: 33
is: 12
a: 32
operating: 8
system: 8
designed: 2
to: 31
be: 7
the: 29
in: 15
It: 7
was: 18
created: 2
by: 7
programmer: 2
Terry: 3
A.: 3
Davis,: 2
developed: 2
it: 10
over: 2
of: 19
after: 2
manic: 2
episodes: 2
that: 18
he: 5
later: 3
described: 2
as: 17
from: 6
God.: 3
The: 4
modern: 2
an: 9
Davis: 10
proclaimed: 2
features,: 2
such: 2
its: 3
640x480: 3
resolution,: 2
16-color: 2
with: 7
original: 3
C: 2
flight: 2
simulator,: 2
kernel.: 2
System: 2
==: 14
began: 2
experiencing: 2
him: 5
at: 2
mental: 5
for: 16
his: 6
He: 3
health: 2
After: 2
God: 2
One: 3
before: 2
In: 4
wrote: 4
video: 2
has: 5
no: 2
support.: 2
on: 3
website: 2
public: 2
single: 2
OS: 5
ASCII: 2
graphics: 2
source: 3
code: 5
3D: 3
which: 3
supports: 2
ISO: 2
file: 3
latter: 2
support: 2
these: 2
use: 2
text: 2
writing: 2
entire: 3
images: 2
code.: 2
uses: 2
what: 2
can: 2
"programming: 2
OSNews: 3
Davis's: 3
one: 2
man: 2
editor: 2
I: 2
-: 2
illness".: 2
Archive: 2

1021 temple.txt

